PS D:\repos\git\training\git-first-push-challenge> git add first-push.md
PS D:\repos\git\training\git-first-push-challenge> git status
On branch main

No commits yet

Changes to be committed:
  (use "git rm --cached <file>..." to unstage)
        new file:   first-push.md

PS D:\repos\git\training\git-first-push-challenge> git commit -m "pushed my first code file to GitHub"
[main (root-commit) 113d6e9] pushed my first code file to GitHub
 1 file changed, 1 insertion(+)
 create mode 100644 first-push.md
PS D:\repos\git\training\git-first-push-challenge> git status
On branch main
Your branch is based on 'origin/main', but the upstream is gone.
  (use "git branch --unset-upstream" to fixup)

nothing to commit, working tree clean
PS D:\repos\git\training\git-first-push-challenge> git push
Enumerating objects: 3, done.
Counting objects: 100% (3/3), done.
Writing objects: 100% (3/3), 296 bytes | 296.00 KiB/s, done.
Total 3 (delta 0), reused 0 (delta 0), pack-reused 0 (from 0)
To https://github.com/WayneRushing/git-first-push-challenge.git
 * [new branch]      main -> main
PS D:\repos\git\training\git-first-push-challenge> git status
On branch main
Your branch is up to date with 'origin/main'.

nothing to commit, working tree clean
PS D:\repos\git\training\git-first-push-challenge>